
--- Signs ---
Signs for fixture.txt:
    line=7  id=3001  name=GitGutterLineAdded
